// Jest Snapshot v1, https://goo.gl/fbAQLP

exports[`Create snapshot for future comparison 1`] = `
<div
  className="jsx-411031876"
  onScroll={[Function]}
>
  <span
    className="jsx-411031876"
  />
</div>
`;
